// Jest Snapshot v1, https://goo.gl/fbAQLP

exports[`renders correctly 1`] = `
<View
  style={
    Object {
      "alignItems": "center",
      "flexGrow": 1,
      "justifyContent": "center",
    }
  }
>
  <TextInput
    allowFontScaling={true}
    keyboardType="email-address"
    onChangeText={[Function]}
    onsubmitEditing={[Function]}
    palceholderTextColor="#ffffff"
    placeholder="Email"
    rejectResponderTermination={true}
    style={
      Object {
        "backgroundColor": "rgba(225, 225, 225, 0.2)",
        "borderRadius": 25,
        "color": "#ffffff",
        "fontSize": 16,
        "height": 60,
        "marginVertical": 10,
        "paddingHorizontal": 16,
        "width": 300,
      }
    }
    underlineColorAndroid="transparent"
  />
  <TextInput
    allowFontScaling={true}
    onChangeText={[Function]}
    placeholder="Password"
    rejectResponderTermination={true}
    secureTextEntry={true}
    style={
      Object {
        "backgroundColor": "rgba(225, 225, 225, 0.2)",
        "borderRadius": 25,
        "color": "#ffffff",
        "fontSize": 16,
        "height": 60,
        "marginVertical": 10,
        "paddingHorizontal": 16,
        "width": 300,
      }
    }
    underlineColor="rgba(0, 0, 0, 0)"
    underlineColorAndroid="transparent"
  />
  <View
    accessible={true}
    focusable={false}
    isTVSelectable={true}
    onClick={[Function]}
    onResponderGrant={[Function]}
    onResponderMove={[Function]}
    onResponderRelease={[Function]}
    onResponderTerminate={[Function]}
    onResponderTerminationRequest={[Function]}
    onStartShouldSetResponder={[Function]}
    style={
      Object {
        "backgroundColor": "#00251a",
        "borderRadius": 25,
        "marginVertical": 10,
        "opacity": 1,
        "paddingVertical": 12,
        "width": 300,
      }
    }
  >
    <Text
      onPress={[Function]}
      style={
        Object {
          "color": "#ffffff",
          "fontSize": 16,
          "fontWeight": "500",
          "textAlign": "center",
        }
      }
    />
  </View>
</View>
`;
