// Jest Snapshot v1, https://goo.gl/fbAQLP

exports[`renders correctly 1`] = `
<View
  style={
    Object {
      "alignItems": "center",
      "backgroundColor": "rgba(0,0,0,0.3)",
      "flex": 1,
      "justifyContent": "center",
    }
  }
>
  <View
    style={
      Object {
        "alignItems": "center",
        "flex": 1,
        "justifyContent": "flex-end",
        "marginTop": 150,
      }
    }
  >
    <Image
      source={1}
      style={
        Object {
          "borderRadius": 100,
          "height": 200,
          "width": 200,
        }
      }
    />
  </View>
  <View
    style={
      Object {
        "marginTop": 50,
        "paddingVertical": 0,
      }
    }
  >
    <View
      accessible={true}
      focusable={false}
      isTVSelectable={true}
      onClick={[Function]}
      onResponderGrant={[Function]}
      onResponderMove={[Function]}
      onResponderRelease={[Function]}
      onResponderTerminate={[Function]}
      onResponderTerminationRequest={[Function]}
      onStartShouldSetResponder={[Function]}
      style={
        Object {
          "backgroundColor": "#00251a",
          "borderRadius": 25,
          "marginVertical": 20,
          "opacity": 1,
          "paddingVertical": 12,
          "width": 300,
        }
      }
    >
      <Text
        style={
          Object {
            "color": "#ffffff",
            "fontSize": 16,
            "fontWeight": "500",
            "textAlign": "center",
          }
        }
      >
        Switch Account
      </Text>
    </View>
    <View
      accessible={true}
      focusable={true}
      isTVSelectable={true}
      onClick={[Function]}
      onResponderGrant={[Function]}
      onResponderMove={[Function]}
      onResponderRelease={[Function]}
      onResponderTerminate={[Function]}
      onResponderTerminationRequest={[Function]}
      onStartShouldSetResponder={[Function]}
      style={
        Object {
          "backgroundColor": "#00251a",
          "borderRadius": 25,
          "marginVertical": 20,
          "opacity": 1,
          "paddingVertical": 12,
          "width": 300,
        }
      }
    >
      <Text
        style={
          Object {
            "color": "#ffffff",
            "fontSize": 16,
            "fontWeight": "500",
            "textAlign": "center",
          }
        }
      >
        Logout
      </Text>
    </View>
  </View>
</View>
`;
